
> build
> vite build

[36mvite v7.3.3 [32mbuilding client environment for production...[36m[39m
transforming...
[32mΓ£ô[39m 1064 modules transformed.
rendering chunks...
computing gzip size...
[2mdist/client/[22m[32m.assetsignore                            [39m[1m[2m    0.02 kB[22m[1m[22m
[2mdist/client/[22m[32massets/Christ the Redeemer-hNL6uJYM.mp3  [39m[1m[2m2,075.59 kB[22m[1m[22m
[2mdist/client/[22m[32massets/Chichen Itza-CMFjJDEh.mp3         [39m[1m[2m2,496.89 kB[22m[1m[22m
[2mdist/client/[22m[32massets/Great Wall of China-feqvva5S.mp3  [39m[1m[2m3,731.54 kB[22m[1m[22m
[2mdist/client/[22m[32massets/Petra-DRmj-zka.mp3                [39m[1m[2m3,844.39 kB[22m[1m[22m
[2mdist/client/[22m[32massets/Taj Mahal-Dfq7bU-e.mp3            [39m[1m[2m4,210.52 kB[22m[1m[22m
[2mdist/client/[22m[32massets/Colloseum-BZQcKcps.mp3            [39m[1m[2m6,879.74 kB[22m[1m[22m
[2mdist/client/[22m[32massets/Machu Picchu-CHIcx9iD.mp3         [39m[1m[2m7,505.66 kB[22m[1m[22m
[2mdist/client/[22m[35massets/styles-N9HvsM_6.css               [39m[1m[2m   89.87 kB[22m[1m[22m[2m Γöé gzip:  14.95 kB[22m
[2mdist/client/[22m[36massets/about-BXKSdrIQ.js                 [39m[1m[2m    1.16 kB[22m[1m[22m[2m Γöé gzip:   0.61 kB[22m
[2mdist/client/[22m[36massets/timeline-gWEn8lz8.js              [39m[1m[2m    1.90 kB[22m[1m[22m[2m Γöé gzip:   0.92 kB[22m
[2mdist/client/[22m[36massets/passport-7fsgdjoH.js              [39m[1m[2m    2.59 kB[22m[1m[22m[2m Γöé gzip:   1.15 kB[22m
[2mdist/client/[22m[36massets/index-N7gL72Vb.js                 [39m[1m[2m    3.88 kB[22m[1m[22m[2m Γöé gzip:   1.84 kB[22m
[2mdist/client/[22m[36massets/quiz-Ca-3Lx4N.js                  [39m[1m[2m    4.72 kB[22m[1m[22m[2m Γöé gzip:   1.88 kB[22m
[2mdist/client/[22m[36massets/globe-OFo8-XGj.js                 [39m[1m[2m    4.95 kB[22m[1m[22m[2m Γöé gzip:   2.14 kB[22m
[2mdist/client/[22m[36massets/index-DKk54xp9.js                 [39m[1m[2m    6.87 kB[22m[1m[22m[2m Γöé gzip:   2.38 kB[22m
[2mdist/client/[22m[36massets/wonder._id-CkPa11od.js            [39m[1m[2m   18.61 kB[22m[1m[22m[2m Γöé gzip:   6.93 kB[22m
[2mdist/client/[22m[36massets/index-nnaGuG5T.js                 [39m[1m[33m  506.87 kB[39m[22m[2m Γöé gzip: 164.14 kB[22m
[2mdist/client/[22m[36massets/react-globe.gl-DPQPSbCX.js        [39m[1m[33m1,840.38 kB[39m[22m[2m Γöé gzip: 522.05 kB[22m
npm : [33m
At line:1 char:1
+ npm run build > build_output.txt 2>&1
+ ~~~~~~~~~~~~~~~~~~~~~~~~~~~~~~~~~~~~~
    + CategoryInfo          : NotSpecified: ([33m:String) [], RemoteException
    + FullyQualifiedErrorId : NativeCommandError
 
(!) Some chunks are larger than 500 kB after minification. Consider:
- Using dynamic import() to code-split the application
- Use build.rollupOptions.output.manualChunks to improve chunking: 
https://rollupjs.org/configuration-options/#output-manualchunks
- Adjust chunk size limit for this warning via build.chunkSizeWarningLimit.[39m
[32mΓ£ô built in 14.27s[39m
[36mvite v7.3.3 [32mbuilding ssr environment for production...[36m[39m
transforming...
